<html>
<body>
<pre>
<h1>µVision Build Log</h1>
<h2>Tool Versions:</h2>
IDE-Version: µVision V5.34.0.0
Copyright (C) 2021 ARM Ltd and ARM Germany GmbH. All rights reserved.
License Information: Mario CR, CCC, LIC=9F82M-X8FAD-RN3S2-MEIY3-WVZY4-PT1SI
 
Tool Versions:
Toolchain:       MDK-ARM Cortex-M0/M0+ for ST  Version: 5.34.0.0
Toolchain Path:  C:\Keil_v5\ARM\ARMCC\Bin
C Compiler:      Armcc.exe V5.06 update 7 (build 960)
Assembler:       Armasm.exe V5.06 update 7 (build 960)
Linker/Locator:  ArmLink.exe V5.06 update 7 (build 960)
Library Manager: ArmAr.exe V5.06 update 7 (build 960)
Hex Converter:   FromElf.exe V5.06 update 7 (build 960)
CPU DLL:         SARMCM3.DLL V5.34.0.0
Dialog DLL:      DARMCM1.DLL V1.19.4.0
Target DLL:      STLink\ST-LINKIII-KEIL_SWO.dll V3.0.8.0
Dialog DLL:      TARMCM1.DLL V1.14.3.0
 
<h2>Project:</h2>
C:\Users\Mario\Desktop\BMP180\6Z_2_SPI_pressure_and_temp_to_PC\MDK-ARM\6Z_1_I2C_pressure_and_temp_to_PC.uvprojx
Project File Date:  05/10/2021

<h2>Output:</h2>
*** Using Compiler 'V5.06 update 7 (build 960)', folder: 'C:\Keil_v5\ARM\ARMCC\Bin'
Build target '6Z_1_I2C_pressure_and_temp_to_PC'
compiling main.c...
../Inc/bsp/BMP280_SPI.h(56): warning:  #1295-D: Deprecated declaration get_raw_temp - give arg types
  uint32_t get_raw_temp();
../Inc/bsp/BMP280_SPI.h(57): warning:  #1295-D: Deprecated declaration get_raw_press - give arg types
  uint32_t get_raw_press();
../Src/main.c: 2 warnings, 0 errors
linking...
Program Size: Code=16612 RO-data=248 RW-data=44 ZI-data=1276  
FromELF: creating hex file...
"6Z_1_I2C_pressure_and_temp_to_PC\6Z_1_I2C_pressure_and_temp_to_PC.axf" - 0 Error(s), 2 Warning(s).

<h2>Software Packages used:</h2>

Package Vendor: ARM
                http://www.keil.com/pack/ARM.CMSIS.5.7.0.pack
                ARM.CMSIS.5.7.0
                CMSIS (Cortex Microcontroller Software Interface Standard)
   * Component: CORE Version: 5.4.0

Package Vendor: Keil
                http://www.keil.com/pack/Keil.STM32F0xx_DFP.2.1.0.pack
                Keil.STM32F0xx_DFP.2.1.0
                STMicroelectronics STM32F0 Series Device Support, Drivers and Examples

<h2>Collection of Component include folders:</h2>
  .\RTE\_6Z_1_I2C_pressure_and_temp_to_PC
  C:\Users\Mario\AppData\Local\Arm\Packs\ARM\CMSIS\5.7.0\CMSIS\Core\Include
  C:\Users\Mario\AppData\Local\Arm\Packs\Keil\STM32F0xx_DFP\2.1.0\Drivers\CMSIS\Device\ST\STM32F0xx\Include

<h2>Collection of Component Files used:</h2>

   * Component: ARM::CMSIS:CORE:5.4.0
Build Time Elapsed:  00:00:01
</pre>
</body>
</html>
